https://git-scm.com/docs/git-commit - мануал по git
//додаємо файли на сервер
{
	git status 					//перевіряємо зміни 
	git add FileName.txt		//додаємо файли
	git commit -m "coment"		//робимо коміт в гілці на якій знаходимось
	git push 					//добавляємо файли на серер
	//приклад того що буде в консолі
	{
		Dima@Bubno MINGW64 /j/C# project/ShopControl (master)
			$ git status
			On branch master
			Your branch is up-to-date with 'origin/master'.
			Untracked files:
			  (use "git add <file>..." to include in what will be committed)

					git manual.txt

			nothing added to commit but untracked files present (use "git add" to track)

		Dima@Bubno MINGW64 /j/studying/programming/C# project/ShopControl (master)
		$ git add git\ manual.txt

		Dima@Bubno MINGW64 /j/studying/programming/C# project/ShopControl (master)
		$ git commit -m "add a short manual for using GitHub"
		[master 3532a21] add a short manual for using GitHub
			1 file changed, 28 insertions(+)
			create mode 100644 git manual.txt

		Dima@Bubno MINGW64 /j/studying/programming/C# project/ShopControl (master)
		$ git push
		Counting objects: 3, done.
		Delta compression using up to 2 threads.
		Compressing objects: 100% (3/3), done.
		Writing objects: 100% (3/3), 784 bytes | 0 bytes/s, done.
		Total 3 (delta 1), reused 0 (delta 0)
		remote: Resolving deltas: 100% (1/1), completed with 1 local objects.
		To https://github.com/popadiyk/ShopControl.git
		   a6b4a9e..3532a21  master -> master
	}
}

//скачуємо файли з серера
{
	git checkout frontend
	git pull
}